developer@ac-srv-141:~$ docker ps
CONTAINER ID   IMAGE                               COMMAND                  CREATED        STATUS                  PORTS                                                                                      NAMES
736a4d1e222c   semitechnologies/weaviate:1.25.10   "/bin/weaviate --hosâ€¦"   16 hours ago   Up 16 hours (healthy)   0.0.0.0:8080->8080/tcp, [::]:8080->8080/tcp, 0.0.0.0:3000->8080/tcp, [::]:3000->8080/tcp   verba-weaviate-1
developer@ac-srv-141:~$ cd Verba
developer@ac-srv-141:~/Verba$ docker run -it --rm -v "$(pwd)/data:data" --env-file ./.env verba-verba /bin.bash
docker: Error response from daemon: invalid volume specification: '/home/developer/Verba/data:data': invalid mount config for type "bind": invalid mount path: 'data' mount path must be absolute

Run 'docker run --help' for more information
developer@ac-srv-141:~/Verba$ docker run -it --rm -v "$(pwd)/data:data" --env-file ./.env --network verba_default verba-verba /bin/bash
docker: Error response from daemon: invalid volume specification: '/home/developer/Verba/data:data': invalid mount config for type "bind": invalid mount path: 'data' mount path must be absolute

Run 'docker run --help' for more information
developer@ac-srv-141:~/Verba$ cat .env
# Weaviate configuration
# WEAVIATE_URL_VERBA=http://weaviate:8080 # This is correct for Docker Compose
WEAVIATE_URL_VERBA=http://weaviate:8080
# WEAVIATE_API_KEY_VERBA= # Uncomment and set if you have an API key for Weaviate
AUTHENTICATION_ANONYMOUS_ACCESS_ENABLED="true"

# Disable EmbeddedDB for Windows (and for Docker Compose on Linux this is not used)
# PERSISTENCE_DATA_PATH="./verba-data"

# Ollama configuration
# Ollama is running directly on the host machine, so containers access it via host.docker.internal
OLLAMA_URL=http://172.17.0.1:11434
OLLAMA_MODEL=tinyllama
OLLAMA_EMBED_MODEL=nomic-embed-text

# Optional: OpenAI, Cohere, GitHub, Unstructured API keys if you plan to use them
# OPENAI_API_KEY=
# COHERE_API_KEY=
# UNSTRUCTURED_API_KEY=
# UNSTRUCTURED_API_URL=
# GITHUB_TOKEN=
developer@ac-srv-141:~/Verba$
