developer@ac-srv-141:~/Verba$ ollama list
NAME                       ID              SIZE      MODIFIED
nomic-embed-text:latest    0a109f422b47    274 MB    2 hours ago
tinyllama:latest           2644915ede35    637 MB    2 hours ago
developer@ac-srv-141:~/Verba$ nano docker-compose.yml
developer@ac-srv-141:~/Verba$ docker compose down
WARN[0000] The "OPENAI_API_KEY" variable is not set. Defaulting to a blank string.
WARN[0000] The "COHERE_API_KEY" variable is not set. Defaulting to a blank string.
WARN[0000] The "UNSTRUCTURED_API_KEY" variable is not set. Defaulting to a blank string.
WARN[0000] The "UNSTRUCTURED_API_URL" variable is not set. Defaulting to a blank string.
WARN[0000] The "GITHUB_TOKEN" variable is not set. Defaulting to a blank string.
WARN[0000] The "OPENAI_API_KEY" variable is not set. Defaulting to a blank string.
WARN[0000] The "COHERE_API_KEY" variable is not set. Defaulting to a blank string.
[+] Running 3/3
 ✔ Container verba-verba-1      Removed                                                                                                                                                                                                 0.9s
 ✔ Container verba-weaviate-1   Removed                                                                                                                                                                                                 1.0s
 ✔ Network verba_ollama-docker  Removed                                                                                                                                                                                                 0.3s
developer@ac-srv-141:~/Verba$ docker compose --env-file .env up -d --build
WARN[0000] The "OPENAI_API_KEY" variable is not set. Defaulting to a blank string.
WARN[0000] The "COHERE_API_KEY" variable is not set. Defaulting to a blank string.
WARN[0000] The "UNSTRUCTURED_API_KEY" variable is not set. Defaulting to a blank string.
WARN[0000] The "UNSTRUCTURED_API_URL" variable is not set. Defaulting to a blank string.
WARN[0000] The "GITHUB_TOKEN" variable is not set. Defaulting to a blank string.
WARN[0000] The "OPENAI_API_KEY" variable is not set. Defaulting to a blank string.
WARN[0000] The "COHERE_API_KEY" variable is not set. Defaulting to a blank string.
Compose can now delegate builds to bake for better performance.
 To do so, set COMPOSE_BAKE=true.
[+] Building 494.4s (10/10) FINISHED                                                                                                                                                                                          docker:default
 => [verba internal] load build definition from Dockerfile                                                                                                                                                                              0.0s
 => => transferring dockerfile: 175B                                                                                                                                                                                                    0.0s
 => [verba internal] load metadata for docker.io/library/python:3.11                                                                                                                                                                    1.0s
 => [verba internal] load .dockerignore                                                                                                                                                                                                 0.0s
 => => transferring context: 2B                                                                                                                                                                                                         0.0s
 => [verba 1/4] FROM docker.io/library/python:3.11@sha256:ce3b954c9285a7a145cba620bae03db836ab890b6b9e0d05a3ca522ea00dfbc9                                                                                                              0.0s
 => [verba internal] load build context                                                                                                                                                                                                 5.2s
 => => transferring context: 596.57MB                                                                                                                                                                                                   5.2s
 => CACHED [verba 2/4] WORKDIR /Verba                                                                                                                                                                                                   0.0s
 => [verba 3/4] COPY . /Verba                                                                                                                                                                                                          10.2s
 => [verba 4/4] RUN pip install '.'                                                                                                                                                                                                   472.8s
 => [verba] exporting to image                                                                                                                                                                                                          5.1s
 => => exporting layers                                                                                                                                                                                                                 5.1s
 => => writing image sha256:bfd2d7c854f20e9991f48739f80a3b75008ad286174e42ba1378a12236128df9                                                                                                                                            0.0s
 => => naming to docker.io/library/verba-verba                                                                                                                                                                                          0.0s
 => [verba] resolving provenance for metadata file                                                                                                                                                                                      0.0s
[+] Running 4/4
 ✔ verba                        Built                                                                                                                                                                                                   0.0s
 ✔ Network verba_ollama-docker  Created                                                                                                                                                                                                 0.1s
 ✔ Container verba-weaviate-1   Healthy                                                                                                                                                                                                 6.0s
 ✔ Container verba-verba-1      Started                                                                                                                                                                                                 6.2s
developer@ac-srv-141:~/Verba$ docker ps
CONTAINER ID   IMAGE                               COMMAND                  CREATED          STATUS                             PORTS                                                                                      NAMES
2b97c02d4dd3   verba-verba                         "verba start --port …"   18 seconds ago   Up 12 seconds (health: starting)   0.0.0.0:8000->8000/tcp, [::]:8000->8000/tcp                                                verba-verba-1
9333007a8fc0   semitechnologies/weaviate:1.25.10   "/bin/weaviate --hos…"   18 seconds ago   Up 18 seconds (healthy)            0.0.0.0:8080->8080/tcp, [::]:8080->8080/tcp, 0.0.0.0:3000->8080/tcp, [::]:3000->8080/tcp   verba-weaviate-1
developer@ac-srv-141:~/Verba$ docker exec verba-verba-1 env | grep OLLAMA
OLLAMA_URL=http://172.17.0.1:11434
OLLAMA_EMBED_MODEL=nomic-embed-text
OLLAMA_MODEL=tinyllama
developer@ac-srv-141:~/Verba$ ip -4 addr show docker0 | grep -oP 'inet \K[\d.]+'
172.17.0.1
developer@ac-srv-141:~/Verba$ sudo ss -tulnp | grep 11434
[sudo] password for developer:
Sorry, try again.
[sudo] password for developer:
sudo: 1 incorrect password attempt

developer@ac-srv-141:~/Verba$ docker logs verba-verba-1
developer@ac-srv-141:~/Verba$ docker ps
CONTAINER ID   IMAGE                               COMMAND                  CREATED         STATUS                     PORTS                                                                                      NAMES
2b97c02d4dd3   verba-verba                         "verba start --port …"   2 minutes ago   Up 2 minutes (unhealthy)   0.0.0.0:8000->8000/tcp, [::]:8000->8000/tcp                                                verba-verba-1
9333007a8fc0   semitechnologies/weaviate:1.25.10   "/bin/weaviate --hos…"   2 minutes ago   Up 2 minutes (healthy)     0.0.0.0:8080->8080/tcp, [::]:8080->8080/tcp, 0.0.0.0:3000->8080/tcp, [::]:3000->8080/tcp   verba-weaviate-1
developer@ac-srv-141:~/Verba$ docker logs verba-verba
Error response from daemon: No such container: verba-verba
developer@ac-srv-141:~/Verba$ docker logs verba-verba-1
developer@ac-srv-141:~/Verba$

